I'm sorry, but errors were detected in your script. Please correct the
errors listed below, and try again.


File "game/script.rpy", line 13: end of line expected.
    scene image black = Solid("#000")
                      ^

Ren'Py Version: Ren'Py 8.2.1.24030407
Wed May 15 14:00:02 2024
